node.exe : (node:3032) 
Warning: 
`--localstorage-file` 
was provided without a 
valid path
At line:1 char:1
+ & "C:\Program 
Files\nodejs/node.exe" 
"C:\Program 
Files\nodejs/node_mo ...
+ ~~~~~~~~~~~~~~~~~~~~~~
~~~~~~~~~~~~~~~~~~~~~~~~
~~~~~~~~~~~~~~~~~~~~~~~
    + CategoryInfo      
        : NotSpecified  
  : ((node:3032) War.   
 ..ut a valid path:S    
tring) [], RemoteEx    
ception
    + FullyQualifiedErr 
   orId : NativeComman  
  dError
 
(Use `node 
--trace-warnings ...` 
to show where the 
warning was created)
FAIL tests/pip.test.js
  PiP Core Functionality
    ├ù should detect 
video on page (1 ms)
    ├ù enablePiP should 
add double-click handler
    ├ù togglePiP should 
request PiP when not 
active
    ├ù togglePiP should 
exit PiP when active
  Floating Mode Fallback
    ├ù should apply 
floating styles to video
    ├ù should disable 
floating mode

  ΓùÅ PiP Core 
Functionality ΓÇ║ 
should detect video on 
page

    The error below may 
be caused by using the 
wrong test environment, 
see https://jestjs.io/do
cs/configuration#testenv
ironment-string.
    Consider using the 
"jsdom" test 
environment.

    ReferenceError: 
document is not defined

    [0m [90m  8 
|[39m     
beforeEach(() 
[33m=>[39m {
     [90m  9 |[39m    
     [90m// Create 
mock video element[39m
    [31m[1m>[22m[39m
[90m 10 |[39m         
mockVideo [33m=[39m do
cument[33m.[39mcreateE
lement([32m'video'[39m
)[33m;[39m
     [90m    |[39m    
     
[31m[1m^[22m[39m
     [90m 11 |[39m    
     
mockVideo[33m.[39msrc 
[33m=[39m [32m'test-v
ideo.mp4'[39m[33m;[39
m
     [90m 12 |[39m    
     mockVideo[33m.[39
mstyle[33m.[39mwidth 
[33m=[39m [32m'640px'
[39m[33m;[39m
     [90m 13 |[39m    
     mockVideo[33m.[39
mstyle[33m.[39mheight 
[33m=[39m [32m'360px'
[39m[33m;[39m[0m

      at 
Object.mockVideo 
(tests/pip.test.js:10:9)

  ΓùÅ PiP Core 
Functionality ΓÇ║ 
should detect video on 
page

    The error below may 
be caused by using the 
wrong test environment, 
see https://jestjs.io/do
cs/configuration#testenv
ironment-string.
    Consider using the 
"jsdom" test 
environment.

    ReferenceError: 
document is not defined

    [0m [90m 24 |[39m
     [90m 25 |[39m    
 afterEach(() 
[33m=>[39m {
    [31m[1m>[22m[39m
[90m 26 |[39m         
document[33m.[39mbody
[33m.[39minnerHTML 
[33m=[39m 
[32m''[39m[33m;[39m
     [90m    |[39m    
     
[31m[1m^[22m[39m
     [90m 27 |[39m    
 })[33m;[39m
     [90m 28 |[39m
     [90m 29 |[39m    
 test([32m'should 
detect video on 
page'[39m[33m,[39m 
() [33m=>[39m {[0m

      at 
Object.document 
(tests/pip.test.js:26:9)

  ΓùÅ PiP Core 
Functionality ΓÇ║ 
enablePiP should add 
double-click handler

    The error below may 
be caused by using the 
wrong test environment, 
see https://jestjs.io/do
cs/configuration#testenv
ironment-string.
    Consider using the 
"jsdom" test 
environment.

    ReferenceError: 
document is not defined

    [0m [90m  8 
|[39m     
beforeEach(() 
[33m=>[39m {
     [90m  9 |[39m    
     [90m// Create 
mock video element[39m
    [31m[1m>[22m[39m
[90m 10 |[39m         
mockVideo [33m=[39m do
cument[33m.[39mcreateE
lement([32m'video'[39m
)[33m;[39m
     [90m    |[39m    
     
[31m[1m^[22m[39m
     [90m 11 |[39m    
     
mockVideo[33m.[39msrc 
[33m=[39m [32m'test-v
ideo.mp4'[39m[33m;[39
m
     [90m 12 |[39m    
     mockVideo[33m.[39
mstyle[33m.[39mwidth 
[33m=[39m [32m'640px'
[39m[33m;[39m
     [90m 13 |[39m    
     mockVideo[33m.[39
mstyle[33m.[39mheight 
[33m=[39m [32m'360px'
[39m[33m;[39m[0m

      at 
Object.mockVideo 
(tests/pip.test.js:10:9)

  ΓùÅ PiP Core 
Functionality ΓÇ║ 
enablePiP should add 
double-click handler

    The error below may 
be caused by using the 
wrong test environment, 
see https://jestjs.io/do
cs/configuration#testenv
ironment-string.
    Consider using the 
"jsdom" test 
environment.

    ReferenceError: 
document is not defined

    [0m [90m 24 |[39m
     [90m 25 |[39m    
 afterEach(() 
[33m=>[39m {
    [31m[1m>[22m[39m
[90m 26 |[39m         
document[33m.[39mbody
[33m.[39minnerHTML 
[33m=[39m 
[32m''[39m[33m;[39m
     [90m    |[39m    
     
[31m[1m^[22m[39m
     [90m 27 |[39m    
 })[33m;[39m
     [90m 28 |[39m
     [90m 29 |[39m    
 test([32m'should 
detect video on 
page'[39m[33m,[39m 
() [33m=>[39m {[0m

      at 
Object.document 
(tests/pip.test.js:26:9)

  ΓùÅ PiP Core 
Functionality ΓÇ║ 
togglePiP should 
request PiP when not 
active

    The error below may 
be caused by using the 
wrong test environment, 
see https://jestjs.io/do
cs/configuration#testenv
ironment-string.
    Consider using the 
"jsdom" test 
environment.

    ReferenceError: 
document is not defined

    [0m [90m  8 
|[39m     
beforeEach(() 
[33m=>[39m {
     [90m  9 |[39m    
     [90m// Create 
mock video element[39m
    [31m[1m>[22m[39m
[90m 10 |[39m         
mockVideo [33m=[39m do
cument[33m.[39mcreateE
lement([32m'video'[39m
)[33m;[39m
     [90m    |[39m    
     
[31m[1m^[22m[39m
     [90m 11 |[39m    
     
mockVideo[33m.[39msrc 
[33m=[39m [32m'test-v
ideo.mp4'[39m[33m;[39
m
     [90m 12 |[39m    
     mockVideo[33m.[39
mstyle[33m.[39mwidth 
[33m=[39m [32m'640px'
[39m[33m;[39m
     [90m 13 |[39m    
     mockVideo[33m.[39
mstyle[33m.[39mheight 
[33m=[39m [32m'360px'
[39m[33m;[39m[0m

      at 
Object.mockVideo 
(tests/pip.test.js:10:9)

  ΓùÅ PiP Core 
Functionality ΓÇ║ 
togglePiP should 
request PiP when not 
active

    The error below may 
be caused by using the 
wrong test environment, 
see https://jestjs.io/do
cs/configuration#testenv
ironment-string.
    Consider using the 
"jsdom" test 
environment.

    ReferenceError: 
document is not defined

    [0m [90m 24 |[39m
     [90m 25 |[39m    
 afterEach(() 
[33m=>[39m {
    [31m[1m>[22m[39m
[90m 26 |[39m         
document[33m.[39mbody
[33m.[39minnerHTML 
[33m=[39m 
[32m''[39m[33m;[39m
     [90m    |[39m    
     
[31m[1m^[22m[39m
     [90m 27 |[39m    
 })[33m;[39m
     [90m 28 |[39m
     [90m 29 |[39m    
 test([32m'should 
detect video on 
page'[39m[33m,[39m 
() [33m=>[39m {[0m

      at 
Object.document 
(tests/pip.test.js:26:9)

  ΓùÅ PiP Core 
Functionality ΓÇ║ 
togglePiP should exit 
PiP when active

    The error below may 
be caused by using the 
wrong test environment, 
see https://jestjs.io/do
cs/configuration#testenv
ironment-string.
    Consider using the 
"jsdom" test 
environment.

    ReferenceError: 
document is not defined

    [0m [90m  8 
|[39m     
beforeEach(() 
[33m=>[39m {
     [90m  9 |[39m    
     [90m// Create 
mock video element[39m
    [31m[1m>[22m[39m
[90m 10 |[39m         
mockVideo [33m=[39m do
cument[33m.[39mcreateE
lement([32m'video'[39m
)[33m;[39m
     [90m    |[39m    
     
[31m[1m^[22m[39m
     [90m 11 |[39m    
     
mockVideo[33m.[39msrc 
[33m=[39m [32m'test-v
ideo.mp4'[39m[33m;[39
m
     [90m 12 |[39m    
     mockVideo[33m.[39
mstyle[33m.[39mwidth 
[33m=[39m [32m'640px'
[39m[33m;[39m
     [90m 13 |[39m    
     mockVideo[33m.[39
mstyle[33m.[39mheight 
[33m=[39m [32m'360px'
[39m[33m;[39m[0m

      at 
Object.mockVideo 
(tests/pip.test.js:10:9)

  ΓùÅ PiP Core 
Functionality ΓÇ║ 
togglePiP should exit 
PiP when active

    The error below may 
be caused by using the 
wrong test environment, 
see https://jestjs.io/do
cs/configuration#testenv
ironment-string.
    Consider using the 
"jsdom" test 
environment.

    ReferenceError: 
document is not defined

    [0m [90m 24 |[39m
     [90m 25 |[39m    
 afterEach(() 
[33m=>[39m {
    [31m[1m>[22m[39m
[90m 26 |[39m         
document[33m.[39mbody
[33m.[39minnerHTML 
[33m=[39m 
[32m''[39m[33m;[39m
     [90m    |[39m    
     
[31m[1m^[22m[39m
     [90m 27 |[39m    
 })[33m;[39m
     [90m 28 |[39m
     [90m 29 |[39m    
 test([32m'should 
detect video on 
page'[39m[33m,[39m 
() [33m=>[39m {[0m

      at 
Object.document 
(tests/pip.test.js:26:9)

  ΓùÅ Floating Mode 
Fallback ΓÇ║ should 
apply floating styles 
to video

    The error below may 
be caused by using the 
wrong test environment, 
see https://jestjs.io/do
cs/configuration#testenv
ironment-string.
    Consider using the 
"jsdom" test 
environment.

    ReferenceError: 
document is not defined

    [0m [90m 91 |[39m
     [90m 92 |[39m    
 beforeEach(() 
[33m=>[39m {
    [31m[1m>[22m[39m
[90m 93 |[39m         
mockVideo [33m=[39m do
cument[33m.[39mcreateE
lement([32m'video'[39m
)[33m;[39m
     [90m    |[39m    
     
[31m[1m^[22m[39m
     [90m 94 |[39m    
     
mockVideo[33m.[39msrc 
[33m=[39m [32m'test-v
ideo.mp4'[39m[33m;[39
m
     [90m 95 |[39m    
     document[33m.[39m
body[33m.[39mappendChi
ld(mockVideo)[33m;[39m
     [90m 96 |[39m    
 })[33m;[39m[0m

      at 
Object.mockVideo 
(tests/pip.test.js:93:9)

  ΓùÅ Floating Mode 
Fallback ΓÇ║ should 
apply floating styles 
to video

    The error below may 
be caused by using the 
wrong test environment, 
see https://jestjs.io/do
cs/configuration#testenv
ironment-string.
    Consider using the 
"jsdom" test 
environment.

    ReferenceError: 
document is not defined

    [0m [90m  97 
|[39m
     [90m  98 |[39m   
  afterEach(() 
[33m=>[39m {
    [31m[1m>[22m[39m
[90m  99 |[39m        
 document[33m.[39mbody
[33m.[39minnerHTML 
[33m=[39m 
[32m''[39m[33m;[39m
     [90m     |[39m   
      
[31m[1m^[22m[39m
     [90m 100 |[39m   
  })[33m;[39m
     [90m 101 |[39m
     [90m 102 |[39m   
  test([32m'should 
apply floating styles 
to 
video'[39m[33m,[39m 
() [33m=>[39m {[0m

      at 
Object.document 
(tests/pip.test.js:99:9)

  ΓùÅ Floating Mode 
Fallback ΓÇ║ should 
disable floating mode

    The error below may 
be caused by using the 
wrong test environment, 
see https://jestjs.io/do
cs/configuration#testenv
ironment-string.
    Consider using the 
"jsdom" test 
environment.

    ReferenceError: 
document is not defined

    [0m [90m 91 |[39m
     [90m 92 |[39m    
 beforeEach(() 
[33m=>[39m {
    [31m[1m>[22m[39m
[90m 93 |[39m         
mockVideo [33m=[39m do
cument[33m.[39mcreateE
lement([32m'video'[39m
)[33m;[39m
     [90m    |[39m    
     
[31m[1m^[22m[39m
     [90m 94 |[39m    
     
mockVideo[33m.[39msrc 
[33m=[39m [32m'test-v
ideo.mp4'[39m[33m;[39
m
     [90m 95 |[39m    
     document[33m.[39m
body[33m.[39mappendChi
ld(mockVideo)[33m;[39m
     [90m 96 |[39m    
 })[33m;[39m[0m

      at 
Object.mockVideo 
(tests/pip.test.js:93:9)

  ΓùÅ Floating Mode 
Fallback ΓÇ║ should 
disable floating mode

    The error below may 
be caused by using the 
wrong test environment, 
see https://jestjs.io/do
cs/configuration#testenv
ironment-string.
    Consider using the 
"jsdom" test 
environment.

    ReferenceError: 
document is not defined

    [0m [90m  97 
|[39m
     [90m  98 |[39m   
  afterEach(() 
[33m=>[39m {
    [31m[1m>[22m[39m
[90m  99 |[39m        
 document[33m.[39mbody
[33m.[39minnerHTML 
[33m=[39m 
[32m''[39m[33m;[39m
     [90m     |[39m   
      
[31m[1m^[22m[39m
     [90m 100 |[39m   
  })[33m;[39m
     [90m 101 |[39m
     [90m 102 |[39m   
  test([32m'should 
apply floating styles 
to 
video'[39m[33m,[39m 
() [33m=>[39m {[0m

      at 
Object.document 
(tests/pip.test.js:99:9)

Test Suites: 1 failed, 
1 total
Tests:       6 failed, 
6 total
Snapshots:   0 total
Time:        0.329 s, 
estimated 1 s
Ran all test suites 
matching 
tests/pip.test.js.
